../Core/Src/main.c:67:6:set_status_A	8	static
../Core/Src/main.c:74:6:set_status_B	8	static
../Core/Src/main.c:81:6:set_status_C	8	static
../Core/Src/main.c:88:6:set_status_D	8	static
../Core/Src/main.c:95:6:set_status_E	8	static
../Core/Src/main.c:108:6:HAL_TIM_IC_CaptureCallback	24	static
../Core/Src/main.c:127:6:HAL_GPIO_EXTI_Callback	16	static
../Core/Src/main.c:186:5:main	192	dynamic
../Core/Src/main.c:327:6:SystemClock_Config	88	static
../Core/Src/main.c:373:13:MX_ADC1_Init	24	static
../Core/Src/main.c:425:13:MX_ADC2_Init	24	static
../Core/Src/main.c:477:13:MX_ADC3_Init	24	static
../Core/Src/main.c:529:13:MX_TIM2_Init	72	static
../Core/Src/main.c:603:13:MX_GPIO_Init	56	static
../Core/Src/main.c:725:6:Error_Handler	4	static,ignoring_inline_asm
