main.c:68:6:set_status_A	1
main.c:75:6:set_status_B	1
main.c:82:6:set_status_C	1
main.c:89:6:set_status_D	1
main.c:96:6:set_status_E	1
main.c:105:6:hello_world	1
main.c:129:6:read_PP	11
main.c:159:6:read_CP	4
main.c:192:6:read_phase_A	6
main.c:232:6:read_phase_B	6
main.c:273:6:read_phase_C	6
main.c:320:6:HAL_TIM_IC_CaptureCallback	3
main.c:342:6:HAL_GPIO_EXTI_Callback	28
main.c:475:6:duty_read	16
main.c:495:6:lcd_print_info	14
main.c:585:5:main	2
main.c:674:6:SystemClock_Config	3
main.c:720:13:MX_ADC1_Init	3
main.c:772:13:MX_ADC2_Init	3
main.c:824:13:MX_ADC3_Init	3
main.c:876:13:MX_TIM2_Init	8
main.c:950:13:MX_GPIO_Init	1
main.c:1072:6:Error_Handler	1
