../Core/Src/main.c:68:6:set_status_A	8	static
../Core/Src/main.c:75:6:set_status_B	8	static
../Core/Src/main.c:82:6:set_status_C	8	static
../Core/Src/main.c:89:6:set_status_D	8	static
../Core/Src/main.c:96:6:set_status_E	8	static
../Core/Src/main.c:105:6:hello_world	8	static
../Core/Src/main.c:129:6:read_PP	8	static
../Core/Src/main.c:159:6:read_CP	16	static
../Core/Src/main.c:192:6:read_phase_A	32	static
../Core/Src/main.c:232:6:read_phase_B	32	static
../Core/Src/main.c:273:6:read_phase_C	32	static
../Core/Src/main.c:320:6:HAL_TIM_IC_CaptureCallback	24	static
../Core/Src/main.c:342:6:HAL_GPIO_EXTI_Callback	16	static
../Core/Src/main.c:475:6:duty_read	8	static
../Core/Src/main.c:495:6:lcd_print_info	8	static
../Core/Src/main.c:585:5:main	48	static
../Core/Src/main.c:674:6:SystemClock_Config	88	static
../Core/Src/main.c:720:13:MX_ADC1_Init	24	static
../Core/Src/main.c:772:13:MX_ADC2_Init	24	static
../Core/Src/main.c:824:13:MX_ADC3_Init	24	static
../Core/Src/main.c:876:13:MX_TIM2_Init	72	static
../Core/Src/main.c:950:13:MX_GPIO_Init	56	static
../Core/Src/main.c:1072:6:Error_Handler	4	static,ignoring_inline_asm
